[2025-03-08T11:11:13.566+0700][gc,init] CardTable entry size: 512
[2025-03-08T11:11:13.566+0700][gc     ] Using G1
[2025-03-08T11:11:13.567+0700][gc,init] Version: 21.0.6+7-LTS (release)
[2025-03-08T11:11:13.567+0700][gc,init] CPUs: 8 total, 8 available
[2025-03-08T11:11:13.567+0700][gc,init] Memory: 16384M
[2025-03-08T11:11:13.567+0700][gc,init] Large Page Support: Disabled
[2025-03-08T11:11:13.567+0700][gc,init] NUMA Support: Disabled
[2025-03-08T11:11:13.567+0700][gc,init] Compressed Oops: Enabled (Zero based)
[2025-03-08T11:11:13.567+0700][gc,init] Heap Region Size: 1M
[2025-03-08T11:11:13.567+0700][gc,init] Heap Min Capacity: 1G
[2025-03-08T11:11:13.567+0700][gc,init] Heap Initial Capacity: 1G
[2025-03-08T11:11:13.567+0700][gc,init] Heap Max Capacity: 1G
[2025-03-08T11:11:13.567+0700][gc,init] Pre-touch: Disabled
[2025-03-08T11:11:13.567+0700][gc,init] Parallel Workers: 8
[2025-03-08T11:11:13.567+0700][gc,init] Concurrent Workers: 2
[2025-03-08T11:11:13.567+0700][gc,init] Concurrent Refinement Workers: 8
[2025-03-08T11:11:13.567+0700][gc,init] Periodic GC: Disabled
[2025-03-08T11:11:13.571+0700][gc,metaspace] CDS archive(s) mapped at: [0x000000a000000000-0x000000a000c90000-0x000000a000c90000), size 13172736, SharedBaseAddress: 0x000000a000000000, ArchiveRelocationMode: 1.
[2025-03-08T11:11:13.571+0700][gc,metaspace] Compressed class space mapped at: 0x000000a001000000-0x000000a041000000, reserved size: 1073741824
[2025-03-08T11:11:13.571+0700][gc,metaspace] Narrow klass base: 0x000000a000000000, Narrow klass shift: 0, Narrow klass range: 0x100000000
[2025-03-08T11:11:14.220+0700][gc,start    ] GC(0) Pause Young (Normal) (G1 Evacuation Pause)
[2025-03-08T11:11:14.221+0700][gc,task     ] GC(0) Using 8 workers of 8 for evacuation
[2025-03-08T11:11:14.225+0700][gc,phases   ] GC(0)   Pre Evacuate Collection Set: 0.3ms
[2025-03-08T11:11:14.225+0700][gc,phases   ] GC(0)   Merge Heap Roots: 0.0ms
[2025-03-08T11:11:14.225+0700][gc,phases   ] GC(0)   Evacuate Collection Set: 4.0ms
[2025-03-08T11:11:14.225+0700][gc,phases   ] GC(0)   Post Evacuate Collection Set: 0.3ms
[2025-03-08T11:11:14.225+0700][gc,phases   ] GC(0)   Other: 0.2ms
[2025-03-08T11:11:14.225+0700][gc,heap     ] GC(0) Eden regions: 51->0(44)
[2025-03-08T11:11:14.225+0700][gc,heap     ] GC(0) Survivor regions: 0->7(7)
[2025-03-08T11:11:14.225+0700][gc,heap     ] GC(0) Old regions: 2->4
[2025-03-08T11:11:14.225+0700][gc,heap     ] GC(0) Humongous regions: 0->0
[2025-03-08T11:11:14.225+0700][gc,metaspace] GC(0) Metaspace: 17600K(17856K)->17600K(17856K) NonClass: 15528K(15680K)->15528K(15680K) Class: 2071K(2176K)->2071K(2176K)
[2025-03-08T11:11:14.226+0700][gc          ] GC(0) Pause Young (Normal) (G1 Evacuation Pause) 52M->9M(1024M) 5.238ms
[2025-03-08T11:11:14.226+0700][gc,cpu      ] GC(0) User=0.02s Sys=0.01s Real=0.00s
[2025-03-08T11:11:14.306+0700][gc,start    ] GC(1) Pause Young (Concurrent Start) (Metadata GC Threshold)
[2025-03-08T11:11:14.306+0700][gc,task     ] GC(1) Using 8 workers of 8 for evacuation
[2025-03-08T11:11:14.308+0700][gc,phases   ] GC(1)   Pre Evacuate Collection Set: 0.1ms
[2025-03-08T11:11:14.308+0700][gc,phases   ] GC(1)   Merge Heap Roots: 0.0ms
[2025-03-08T11:11:14.308+0700][gc,phases   ] GC(1)   Evacuate Collection Set: 2.0ms
[2025-03-08T11:11:14.308+0700][gc,phases   ] GC(1)   Post Evacuate Collection Set: 0.2ms
[2025-03-08T11:11:14.308+0700][gc,phases   ] GC(1)   Other: 0.0ms
[2025-03-08T11:11:14.308+0700][gc,heap     ] GC(1) Eden regions: 13->0(49)
[2025-03-08T11:11:14.308+0700][gc,heap     ] GC(1) Survivor regions: 7->2(7)
[2025-03-08T11:11:14.308+0700][gc,heap     ] GC(1) Old regions: 4->11
[2025-03-08T11:11:14.308+0700][gc,heap     ] GC(1) Humongous regions: 0->0
[2025-03-08T11:11:14.308+0700][gc,metaspace] GC(1) Metaspace: 21326K(21504K)->21326K(21504K) NonClass: 18932K(19008K)->18932K(19008K) Class: 2394K(2496K)->2394K(2496K)
[2025-03-08T11:11:14.308+0700][gc          ] GC(1) Pause Young (Concurrent Start) (Metadata GC Threshold) 22M->10M(1024M) 2.554ms
[2025-03-08T11:11:14.308+0700][gc,cpu      ] GC(1) User=0.01s Sys=0.01s Real=0.00s
[2025-03-08T11:11:14.308+0700][gc          ] GC(2) Concurrent Mark Cycle
[2025-03-08T11:11:14.308+0700][gc,marking  ] GC(2) Concurrent Scan Root Regions
[2025-03-08T11:11:14.309+0700][gc,marking  ] GC(2) Concurrent Scan Root Regions 1.150ms
[2025-03-08T11:11:14.309+0700][gc,marking  ] GC(2) Concurrent Mark
[2025-03-08T11:11:14.309+0700][gc,marking  ] GC(2) Concurrent Mark From Roots
[2025-03-08T11:11:14.309+0700][gc,task     ] GC(2) Using 2 workers of 2 for marking
[2025-03-08T11:11:14.310+0700][gc,marking  ] GC(2) Concurrent Mark From Roots 0.990ms
[2025-03-08T11:11:14.310+0700][gc,marking  ] GC(2) Concurrent Preclean
[2025-03-08T11:11:14.310+0700][gc,marking  ] GC(2) Concurrent Preclean 0.006ms
[2025-03-08T11:11:14.311+0700][gc,start    ] GC(2) Pause Remark
[2025-03-08T11:11:14.312+0700][gc          ] GC(2) Pause Remark 11M->11M(1024M) 1.466ms
[2025-03-08T11:11:14.312+0700][gc,cpu      ] GC(2) User=0.00s Sys=0.00s Real=0.00s
[2025-03-08T11:11:14.312+0700][gc,marking  ] GC(2) Concurrent Mark 2.805ms
[2025-03-08T11:11:14.312+0700][gc,marking  ] GC(2) Concurrent Rebuild Remembered Sets and Scrub Regions
[2025-03-08T11:11:14.314+0700][gc,marking  ] GC(2) Concurrent Rebuild Remembered Sets and Scrub Regions 1.572ms
[2025-03-08T11:11:14.314+0700][gc,start    ] GC(2) Pause Cleanup
[2025-03-08T11:11:14.314+0700][gc          ] GC(2) Pause Cleanup 11M->11M(1024M) 0.070ms
[2025-03-08T11:11:14.314+0700][gc,cpu      ] GC(2) User=0.00s Sys=0.00s Real=0.00s
[2025-03-08T11:11:14.314+0700][gc,marking  ] GC(2) Concurrent Clear Claimed Marks
[2025-03-08T11:11:14.314+0700][gc,marking  ] GC(2) Concurrent Clear Claimed Marks 0.017ms
[2025-03-08T11:11:14.314+0700][gc,marking  ] GC(2) Concurrent Cleanup for Next Mark
[2025-03-08T11:11:14.316+0700][gc,marking  ] GC(2) Concurrent Cleanup for Next Mark 1.806ms
[2025-03-08T11:11:14.316+0700][gc          ] GC(2) Concurrent Mark Cycle 7.630ms
[2025-03-08T11:11:14.730+0700][gc,start    ] GC(3) Pause Young (Prepare Mixed) (G1 Evacuation Pause)
[2025-03-08T11:11:14.731+0700][gc,task     ] GC(3) Using 8 workers of 8 for evacuation
[2025-03-08T11:11:14.733+0700][gc,phases   ] GC(3)   Pre Evacuate Collection Set: 0.2ms
[2025-03-08T11:11:14.734+0700][gc,phases   ] GC(3)   Merge Heap Roots: 0.1ms
[2025-03-08T11:11:14.734+0700][gc,phases   ] GC(3)   Evacuate Collection Set: 2.0ms
[2025-03-08T11:11:14.734+0700][gc,phases   ] GC(3)   Post Evacuate Collection Set: 0.3ms
[2025-03-08T11:11:14.734+0700][gc,phases   ] GC(3)   Other: 0.0ms
[2025-03-08T11:11:14.734+0700][gc,heap     ] GC(3) Eden regions: 49->0(47)
[2025-03-08T11:11:14.734+0700][gc,heap     ] GC(3) Survivor regions: 2->4(7)
[2025-03-08T11:11:14.734+0700][gc,heap     ] GC(3) Old regions: 11->11
[2025-03-08T11:11:14.734+0700][gc,heap     ] GC(3) Humongous regions: 9->9
[2025-03-08T11:11:14.734+0700][gc,metaspace] GC(3) Metaspace: 32796K(33216K)->32796K(33216K) NonClass: 28890K(29120K)->28890K(29120K) Class: 3905K(4096K)->3905K(4096K)
[2025-03-08T11:11:14.734+0700][gc          ] GC(3) Pause Young (Prepare Mixed) (G1 Evacuation Pause) 68M->22M(1024M) 4.167ms
[2025-03-08T11:11:14.734+0700][gc,cpu      ] GC(3) User=0.02s Sys=0.00s Real=0.00s
[2025-03-08T11:11:14.811+0700][gc,start    ] GC(4) Pause Young (Mixed) (Metadata GC Threshold)
[2025-03-08T11:11:14.814+0700][gc,task     ] GC(4) Using 8 workers of 8 for evacuation
[2025-03-08T11:11:14.817+0700][gc,phases   ] GC(4)   Pre Evacuate Collection Set: 0.2ms
[2025-03-08T11:11:14.817+0700][gc,phases   ] GC(4)   Merge Heap Roots: 0.0ms
[2025-03-08T11:11:14.817+0700][gc,phases   ] GC(4)   Evacuate Collection Set: 2.4ms
[2025-03-08T11:11:14.817+0700][gc,phases   ] GC(4)   Post Evacuate Collection Set: 0.2ms
[2025-03-08T11:11:14.817+0700][gc,phases   ] GC(4)   Other: 0.0ms
[2025-03-08T11:11:14.817+0700][gc,heap     ] GC(4) Eden regions: 21->0(44)
[2025-03-08T11:11:14.817+0700][gc,heap     ] GC(4) Survivor regions: 4->7(7)
[2025-03-08T11:11:14.817+0700][gc,heap     ] GC(4) Old regions: 11->11
[2025-03-08T11:11:14.817+0700][gc,heap     ] GC(4) Humongous regions: 9->9
[2025-03-08T11:11:14.817+0700][gc,metaspace] GC(4) Metaspace: 35678K(35968K)->35678K(35968K) NonClass: 31460K(31616K)->31460K(31616K) Class: 4217K(4352K)->4217K(4352K)
[2025-03-08T11:11:14.817+0700][gc          ] GC(4) Pause Young (Mixed) (Metadata GC Threshold) 43M->26M(1024M) 5.958ms
[2025-03-08T11:11:14.817+0700][gc,cpu      ] GC(4) User=0.02s Sys=0.00s Real=0.00s
[2025-03-08T11:11:14.825+0700][gc,start    ] GC(5) Pause Young (Concurrent Start) (Metadata GC Threshold)
[2025-03-08T11:11:14.825+0700][gc,task     ] GC(5) Using 8 workers of 8 for evacuation
[2025-03-08T11:11:14.828+0700][gc,phases   ] GC(5)   Pre Evacuate Collection Set: 0.2ms
[2025-03-08T11:11:14.829+0700][gc,phases   ] GC(5)   Merge Heap Roots: 0.0ms
[2025-03-08T11:11:14.829+0700][gc,phases   ] GC(5)   Evacuate Collection Set: 2.5ms
[2025-03-08T11:11:14.829+0700][gc,phases   ] GC(5)   Post Evacuate Collection Set: 0.2ms
[2025-03-08T11:11:14.829+0700][gc,phases   ] GC(5)   Other: 0.1ms
[2025-03-08T11:11:14.829+0700][gc,heap     ] GC(5) Eden regions: 2->0(47)
[2025-03-08T11:11:14.829+0700][gc,heap     ] GC(5) Survivor regions: 7->4(7)
[2025-03-08T11:11:14.829+0700][gc,heap     ] GC(5) Old regions: 11->14
[2025-03-08T11:11:14.829+0700][gc,heap     ] GC(5) Humongous regions: 9->9
[2025-03-08T11:11:14.829+0700][gc,metaspace] GC(5) Metaspace: 35955K(36288K)->35955K(36288K) NonClass: 31720K(31872K)->31720K(31872K) Class: 4234K(4416K)->4234K(4416K)
[2025-03-08T11:11:14.829+0700][gc          ] GC(5) Pause Young (Concurrent Start) (Metadata GC Threshold) 27M->26M(1024M) 3.123ms
[2025-03-08T11:11:14.829+0700][gc          ] GC(6) Concurrent Mark Cycle
[2025-03-08T11:11:14.829+0700][gc,cpu      ] GC(5) User=0.01s Sys=0.00s Real=0.00s
[2025-03-08T11:11:14.829+0700][gc,marking  ] GC(6) Concurrent Scan Root Regions
[2025-03-08T11:11:14.831+0700][gc,marking  ] GC(6) Concurrent Scan Root Regions 1.928ms
[2025-03-08T11:11:14.831+0700][gc,marking  ] GC(6) Concurrent Mark
[2025-03-08T11:11:14.831+0700][gc,marking  ] GC(6) Concurrent Mark From Roots
[2025-03-08T11:11:14.831+0700][gc,task     ] GC(6) Using 2 workers of 2 for marking
[2025-03-08T11:11:14.835+0700][gc,marking  ] GC(6) Concurrent Mark From Roots 4.181ms
[2025-03-08T11:11:14.835+0700][gc,marking  ] GC(6) Concurrent Preclean
[2025-03-08T11:11:14.835+0700][gc,marking  ] GC(6) Concurrent Preclean 0.040ms
[2025-03-08T11:11:14.835+0700][gc,start    ] GC(6) Pause Remark
[2025-03-08T11:11:14.836+0700][gc          ] GC(6) Pause Remark 27M->27M(1024M) 1.142ms
[2025-03-08T11:11:14.836+0700][gc,cpu      ] GC(6) User=0.01s Sys=0.00s Real=0.00s
[2025-03-08T11:11:14.836+0700][gc,marking  ] GC(6) Concurrent Mark 5.564ms
[2025-03-08T11:11:14.836+0700][gc,marking  ] GC(6) Concurrent Rebuild Remembered Sets and Scrub Regions
[2025-03-08T11:11:14.839+0700][gc,marking  ] GC(6) Concurrent Rebuild Remembered Sets and Scrub Regions 2.818ms
[2025-03-08T11:11:14.839+0700][gc,start    ] GC(6) Pause Cleanup
[2025-03-08T11:11:14.839+0700][gc          ] GC(6) Pause Cleanup 27M->27M(1024M) 0.090ms
[2025-03-08T11:11:14.839+0700][gc,cpu      ] GC(6) User=0.00s Sys=0.00s Real=0.00s
[2025-03-08T11:11:14.839+0700][gc,marking  ] GC(6) Concurrent Clear Claimed Marks
[2025-03-08T11:11:14.839+0700][gc,marking  ] GC(6) Concurrent Clear Claimed Marks 0.067ms
[2025-03-08T11:11:14.839+0700][gc,marking  ] GC(6) Concurrent Cleanup for Next Mark
[2025-03-08T11:11:14.844+0700][gc,marking  ] GC(6) Concurrent Cleanup for Next Mark 4.896ms
[2025-03-08T11:11:14.844+0700][gc          ] GC(6) Concurrent Mark Cycle 15.581ms
[2025-03-08T11:18:58.058+0700][gc,start    ] GC(7) Pause Young (Prepare Mixed) (G1 Evacuation Pause)
[2025-03-08T11:18:58.062+0700][gc,task     ] GC(7) Using 8 workers of 8 for evacuation
[2025-03-08T11:18:58.092+0700][gc,mmu      ] GC(7) MMU target violated: 21.0ms (20.0ms/21.0ms)
[2025-03-08T11:18:58.092+0700][gc,phases   ] GC(7)   Pre Evacuate Collection Set: 2.6ms
[2025-03-08T11:18:58.092+0700][gc,phases   ] GC(7)   Merge Heap Roots: 0.1ms
[2025-03-08T11:18:58.092+0700][gc,phases   ] GC(7)   Evacuate Collection Set: 27.0ms
[2025-03-08T11:18:58.092+0700][gc,phases   ] GC(7)   Post Evacuate Collection Set: 0.4ms
[2025-03-08T11:18:58.092+0700][gc,phases   ] GC(7)   Other: 0.4ms
[2025-03-08T11:18:58.092+0700][gc,heap     ] GC(7) Eden regions: 47->0(45)
[2025-03-08T11:18:58.092+0700][gc,heap     ] GC(7) Survivor regions: 4->6(7)
[2025-03-08T11:18:58.092+0700][gc,heap     ] GC(7) Old regions: 14->14
[2025-03-08T11:18:58.092+0700][gc,heap     ] GC(7) Humongous regions: 138->138
[2025-03-08T11:18:58.092+0700][gc,metaspace] GC(7) Metaspace: 40106K(40448K)->40106K(40448K) NonClass: 35529K(35712K)->35529K(35712K) Class: 4576K(4736K)->4576K(4736K)
[2025-03-08T11:18:58.092+0700][gc          ] GC(7) Pause Young (Prepare Mixed) (G1 Evacuation Pause) 202M->156M(1024M) 34.631ms
[2025-03-08T11:18:58.092+0700][gc,cpu      ] GC(7) User=0.02s Sys=0.06s Real=0.04s
[2025-03-08T11:30:15.036+0700][gc,start    ] GC(8) Pause Young (Mixed) (G1 Evacuation Pause)
[2025-03-08T11:30:15.038+0700][gc,task     ] GC(8) Using 8 workers of 8 for evacuation
[2025-03-08T11:30:15.114+0700][gc,mmu      ] GC(8) MMU target violated: 21.0ms (20.0ms/21.0ms)
[2025-03-08T11:30:15.114+0700][gc,phases   ] GC(8)   Pre Evacuate Collection Set: 2.5ms
[2025-03-08T11:30:15.114+0700][gc,phases   ] GC(8)   Merge Heap Roots: 0.3ms
[2025-03-08T11:30:15.114+0700][gc,phases   ] GC(8)   Evacuate Collection Set: 71.0ms
[2025-03-08T11:30:15.114+0700][gc,phases   ] GC(8)   Post Evacuate Collection Set: 1.2ms
[2025-03-08T11:30:15.114+0700][gc,phases   ] GC(8)   Other: 0.4ms
[2025-03-08T11:30:15.114+0700][gc,heap     ] GC(8) Eden regions: 45->0(47)
[2025-03-08T11:30:15.114+0700][gc,heap     ] GC(8) Survivor regions: 6->4(7)
[2025-03-08T11:30:15.114+0700][gc,heap     ] GC(8) Old regions: 14->17
[2025-03-08T11:30:15.114+0700][gc,heap     ] GC(8) Humongous regions: 138->138
[2025-03-08T11:30:15.114+0700][gc,metaspace] GC(8) Metaspace: 40462K(40832K)->40462K(40832K) NonClass: 35875K(36096K)->35875K(36096K) Class: 4587K(4736K)->4587K(4736K)
[2025-03-08T11:30:15.114+0700][gc          ] GC(8) Pause Young (Mixed) (G1 Evacuation Pause) 201M->157M(1024M) 77.552ms
[2025-03-08T11:30:15.114+0700][gc,cpu      ] GC(8) User=0.04s Sys=0.18s Real=0.08s
[2025-03-08T11:42:44.833+0700][gc,start    ] GC(9) Pause Young (Normal) (G1 Evacuation Pause)
[2025-03-08T11:42:44.834+0700][gc,task     ] GC(9) Using 8 workers of 8 for evacuation
[2025-03-08T11:42:44.885+0700][gc,mmu      ] GC(9) MMU target violated: 21.0ms (20.0ms/21.0ms)
[2025-03-08T11:42:44.886+0700][gc,phases   ] GC(9)   Pre Evacuate Collection Set: 2.1ms
[2025-03-08T11:42:44.886+0700][gc,phases   ] GC(9)   Merge Heap Roots: 0.3ms
[2025-03-08T11:42:44.886+0700][gc,phases   ] GC(9)   Evacuate Collection Set: 48.2ms
[2025-03-08T11:42:44.886+0700][gc,phases   ] GC(9)   Post Evacuate Collection Set: 1.1ms
[2025-03-08T11:42:44.886+0700][gc,phases   ] GC(9)   Other: 0.5ms
[2025-03-08T11:42:44.886+0700][gc,heap     ] GC(9) Eden regions: 47->0(47)
[2025-03-08T11:42:44.886+0700][gc,heap     ] GC(9) Survivor regions: 4->4(7)
[2025-03-08T11:42:44.886+0700][gc,heap     ] GC(9) Old regions: 17->17
[2025-03-08T11:42:44.886+0700][gc,heap     ] GC(9) Humongous regions: 138->138
[2025-03-08T11:42:44.886+0700][gc,metaspace] GC(9) Metaspace: 40579K(40896K)->40579K(40896K) NonClass: 35991K(36160K)->35991K(36160K) Class: 4587K(4736K)->4587K(4736K)
[2025-03-08T11:42:44.886+0700][gc          ] GC(9) Pause Young (Normal) (G1 Evacuation Pause) 204M->158M(1024M) 52.994ms
[2025-03-08T11:42:44.886+0700][gc,cpu      ] GC(9) User=0.03s Sys=0.13s Real=0.05s
[2025-03-08T11:52:58.103+0700][gc,start    ] GC(10) Pause Young (Normal) (G1 Evacuation Pause)
[2025-03-08T11:52:58.104+0700][gc,task     ] GC(10) Using 8 workers of 8 for evacuation
[2025-03-08T11:52:58.122+0700][gc,phases   ] GC(10)   Pre Evacuate Collection Set: 4.2ms
[2025-03-08T11:52:58.123+0700][gc,phases   ] GC(10)   Merge Heap Roots: 0.1ms
[2025-03-08T11:52:58.123+0700][gc,phases   ] GC(10)   Evacuate Collection Set: 14.2ms
[2025-03-08T11:52:58.123+0700][gc,phases   ] GC(10)   Post Evacuate Collection Set: 0.3ms
[2025-03-08T11:52:58.123+0700][gc,phases   ] GC(10)   Other: 0.1ms
[2025-03-08T11:52:58.123+0700][gc,heap     ] GC(10) Eden regions: 47->0(47)
[2025-03-08T11:52:58.123+0700][gc,heap     ] GC(10) Survivor regions: 4->4(7)
[2025-03-08T11:52:58.123+0700][gc,heap     ] GC(10) Old regions: 17->18
[2025-03-08T11:52:58.123+0700][gc,heap     ] GC(10) Humongous regions: 138->9
[2025-03-08T11:52:58.123+0700][gc,metaspace] GC(10) Metaspace: 41535K(41920K)->41535K(41920K) NonClass: 36762K(36992K)->36762K(36992K) Class: 4773K(4928K)->4773K(4928K)
[2025-03-08T11:52:58.123+0700][gc          ] GC(10) Pause Young (Normal) (G1 Evacuation Pause) 205M->29M(1024M) 19.277ms
[2025-03-08T11:52:58.123+0700][gc,cpu      ] GC(10) User=0.01s Sys=0.05s Real=0.02s
[2025-03-08T11:52:58.135+0700][gc,heap,exit] Heap
[2025-03-08T11:52:58.135+0700][gc,heap,exit]  garbage-first heap   total 1048576K, used 34283K [0x00000007c0000000, 0x0000000800000000)
[2025-03-08T11:52:58.135+0700][gc,heap,exit]   region size 1024K, 8 young (8192K), 4 survivors (4096K)
[2025-03-08T11:52:58.135+0700][gc,heap,exit]  Metaspace       used 41642K, committed 42048K, reserved 1114112K
[2025-03-08T11:52:58.135+0700][gc,heap,exit]   class space    used 4801K, committed 4992K, reserved 1048576K
