[2025-03-08T11:59:45.443+0700][gc,init] CardTable entry size: 512
[2025-03-08T11:59:45.443+0700][gc     ] Using G1
[2025-03-08T11:59:45.444+0700][gc,init] Version: 21.0.6+7-LTS (release)
[2025-03-08T11:59:45.444+0700][gc,init] CPUs: 8 total, 8 available
[2025-03-08T11:59:45.444+0700][gc,init] Memory: 16384M
[2025-03-08T11:59:45.444+0700][gc,init] Large Page Support: Disabled
[2025-03-08T11:59:45.444+0700][gc,init] NUMA Support: Disabled
[2025-03-08T11:59:45.444+0700][gc,init] Compressed Oops: Enabled (Zero based)
[2025-03-08T11:59:45.444+0700][gc,init] Heap Region Size: 1M
[2025-03-08T11:59:45.444+0700][gc,init] Heap Min Capacity: 512M
[2025-03-08T11:59:45.444+0700][gc,init] Heap Initial Capacity: 512M
[2025-03-08T11:59:45.444+0700][gc,init] Heap Max Capacity: 512M
[2025-03-08T11:59:45.444+0700][gc,init] Pre-touch: Disabled
[2025-03-08T11:59:45.444+0700][gc,init] Parallel Workers: 8
[2025-03-08T11:59:45.444+0700][gc,init] Concurrent Workers: 2
[2025-03-08T11:59:45.444+0700][gc,init] Concurrent Refinement Workers: 8
[2025-03-08T11:59:45.444+0700][gc,init] Periodic GC: Disabled
[2025-03-08T11:59:45.448+0700][gc,metaspace] CDS archive(s) mapped at: [0x000000f800000000-0x000000f800c90000-0x000000f800c90000), size 13172736, SharedBaseAddress: 0x000000f800000000, ArchiveRelocationMode: 1.
[2025-03-08T11:59:45.448+0700][gc,metaspace] Compressed class space mapped at: 0x000000f801000000-0x000000f841000000, reserved size: 1073741824
[2025-03-08T11:59:45.448+0700][gc,metaspace] Narrow klass base: 0x000000f800000000, Narrow klass shift: 0, Narrow klass range: 0x100000000
[2025-03-08T11:59:45.805+0700][gc,start    ] GC(0) Pause Young (Normal) (G1 Evacuation Pause)
[2025-03-08T11:59:45.806+0700][gc,task     ] GC(0) Using 8 workers of 8 for evacuation
[2025-03-08T11:59:45.808+0700][gc,phases   ] GC(0)   Pre Evacuate Collection Set: 0.3ms
[2025-03-08T11:59:45.808+0700][gc,phases   ] GC(0)   Merge Heap Roots: 0.0ms
[2025-03-08T11:59:45.808+0700][gc,phases   ] GC(0)   Evacuate Collection Set: 1.9ms
[2025-03-08T11:59:45.808+0700][gc,phases   ] GC(0)   Post Evacuate Collection Set: 0.3ms
[2025-03-08T11:59:45.808+0700][gc,phases   ] GC(0)   Other: 0.2ms
[2025-03-08T11:59:45.808+0700][gc,heap     ] GC(0) Eden regions: 25->0(21)
[2025-03-08T11:59:45.808+0700][gc,heap     ] GC(0) Survivor regions: 0->4(4)
[2025-03-08T11:59:45.808+0700][gc,heap     ] GC(0) Old regions: 2->6
[2025-03-08T11:59:45.808+0700][gc,heap     ] GC(0) Humongous regions: 0->0
[2025-03-08T11:59:45.808+0700][gc,metaspace] GC(0) Metaspace: 7610K(7808K)->7610K(7808K) NonClass: 6813K(6912K)->6813K(6912K) Class: 796K(896K)->796K(896K)
[2025-03-08T11:59:45.808+0700][gc          ] GC(0) Pause Young (Normal) (G1 Evacuation Pause) 26M->8M(512M) 3.101ms
[2025-03-08T11:59:45.808+0700][gc,cpu      ] GC(0) User=0.01s Sys=0.01s Real=0.00s
[2025-03-08T12:01:15.833+0700][gc,heap,exit] Heap
[2025-03-08T12:01:15.833+0700][gc,heap,exit]  garbage-first heap   total 524288K, used 15802K [0x00000007e0000000, 0x0000000800000000)
[2025-03-08T12:01:15.833+0700][gc,heap,exit]   region size 1024K, 11 young (11264K), 4 survivors (4096K)
[2025-03-08T12:01:15.834+0700][gc,heap,exit]  Metaspace       used 8716K, committed 8960K, reserved 1114112K
[2025-03-08T12:01:15.834+0700][gc,heap,exit]   class space    used 926K, committed 1024K, reserved 1048576K
